2025-11-04 13:52:09,313 - pyrogram_bot - INFO - ✅ Настройки загружены из: D:\projects\PythonProject\first_soft\settings.txt
2025-11-04 13:52:20,643 - pyrogram_bot - INFO - 🔁 Запуск непрерывной рассылки для 𝓴𝓪𝓻𝓲𝓷𝓪 ♛ на 70 минут
2025-11-04 13:52:20,643 - pyrogram_bot - INFO - 🔒 Блокировка переключения для 𝓴𝓪𝓻𝓲𝓷𝓪 ♛ (операция: search_mailing)
2025-11-04 13:52:20,644 - pyrogram_bot - INFO - 🔓 Разблокировка переключения для 𝓴𝓪𝓻𝓲𝓷𝓪 ♛ (операция длилась: 0.0 сек.)
2025-11-04 13:52:20,644 - pyrogram_bot - INFO - 🎲 Выбрано 3 случайных чатов из 4 Для 𝓴𝓪𝓻𝓲𝓷𝓪 ♛
2025-11-04 13:52:20,644 - pyrogram_bot - INFO - 🎯 Выбранные чаты для 𝓴𝓪𝓻𝓲𝓷𝓪 ♛:
2025-11-04 13:52:20,644 - pyrogram_bot - INFO -   1. ВЗАИМНЫЕ ПОДПИСКИ💞 РЕАКЦИИ (ID: -1002245746117)
2025-11-04 13:52:20,644 - pyrogram_bot - INFO -   2. 💸ВЗАИМНЫЕ ПОДПИСКИ | ВЗАИМНЫЙ ПИАР (ID: -1002517692874)
2025-11-04 13:52:20,644 - pyrogram_bot - INFO -   3. Взаимные подписки 🩷 реакции (ID: -1002029765485)
2025-11-04 13:52:20,644 - pyrogram_bot - INFO - 🤖 Запуск основной функции бота для 𝓴𝓪𝓻𝓲𝓷𝓪 ♛...
2025-11-04 13:52:21,365 - pyrogram_bot - INFO - ⏱️ До окончания непрерывной рассылки: 69 минут
2025-11-04 13:52:21,649 - pyrogram_bot - INFO - 🔁 Непрерывная рассылка запущена для 𝓴𝓪𝓻𝓲𝓷𝓪 ♛ на 70 минут
2025-11-04 13:52:21,649 - pyrogram_bot - INFO - 🔒 Переключение на другие сессии заблокировано
2025-11-04 13:52:21,966 - pyrogram_bot - INFO - ✅ Отправлено сообщение в чат -> ВЗАИМНЫЕ ПОДПИСКИ💞 РЕАКЦИИ
2025-11-04 13:52:29,100 - pyrogram_bot - INFO - 🔁 Непрерывная рассылка активна для 𝓴𝓪𝓻𝓲𝓷𝓪 ♛
⏱️ Прошло: 0 мин., Осталось: 69 мин.
📊 Всего времени: 70 мин.
🤖 Статус бота: 🟢 Запущен
2025-11-04 13:52:38,592 - pyrogram_bot - INFO - ✅ Отправлено сообщение в чат -> 💸ВЗАИМНЫЕ ПОДПИСКИ | ВЗАИМНЫЙ ПИАР
2025-11-04 13:52:58,860 - pyrogram_bot - INFO - ✅ Отправлено сообщение в чат -> Взаимные подписки 🩷 реакции
2025-11-04 13:53:15,860 - pyrogram_bot - INFO - 📊 цикл: 1 завершён
2025-11-04 13:53:44,186 - pyrogram_bot - WARNING - ⏳ Переключение заблокировано: активна непрерывная рассылка для 𝓴𝓪𝓻𝓲𝓷𝓪 ♛
2025-11-04 13:53:49,135 - pyrogram_bot - INFO - ✅ Отправлено сообщение в чат -> ВЗАИМНЫЕ ПОДПИСКИ💞 РЕАКЦИИ
2025-11-04 13:54:04,618 - pyrogram_bot - INFO - ⏹️ Остановка непрерывной рассылки для 𝓴𝓪𝓻𝓲𝓷𝓪 ♛
2025-11-04 13:54:04,618 - pyrogram_bot - INFO - 🛑 Бот остановлен по команде
2025-11-04 13:54:05,632 - pyrogram_bot - INFO - ⏹️ Основная функция бота остановлена для 𝓴𝓪𝓻𝓲𝓷𝓪 ♛
2025-11-04 13:54:05,632 - pyrogram_bot - INFO - ⏹️ Непрерывная рассылка остановлена
2025-11-04 13:54:05,632 - pyrogram_bot - INFO - 🔓 Переключение на другие сессии разблокировано
2025-11-04 13:54:11,483 - pyrogram_bot - INFO - 🔁 Запуск непрерывной рассылки на 60 минут
2025-11-04 13:54:11,483 - pyrogram_bot - INFO - 📁 Используются сохраненные чаты для 𝓴𝓪𝓻𝓲𝓷𝓪 ♛
2025-11-04 13:54:11,483 - pyrogram_bot - INFO -   1. ВЗАИМНЫЕ ПОДПИСКИ💞 РЕАКЦИИ (ID: -1002245746117)
2025-11-04 13:54:11,483 - pyrogram_bot - INFO -   2. 💸ВЗАИМНЫЕ ПОДПИСКИ | ВЗАИМНЫЙ ПИАР (ID: -1002517692874)
2025-11-04 13:54:11,483 - pyrogram_bot - INFO -   3. Взаимные подписки 🩷 реакции (ID: -1002029765485)
2025-11-04 13:54:11,483 - pyrogram_bot - INFO - 🤖 Запуск основной функции бота для 𝓴𝓪𝓻𝓲𝓷𝓪 ♛...
2025-11-04 13:54:12,495 - pyrogram_bot - INFO - 🔁 Непрерывная рассылка запущена на 60 минут
2025-11-04 13:54:12,495 - pyrogram_bot - INFO - 🔄 Сессии будут автоматически переключаться и запускать рассылку
2025-11-04 13:54:12,721 - pyrogram_bot - INFO - ✅ Отправлено сообщение в чат -> ВЗАИМНЫЕ ПОДПИСКИ💞 РЕАКЦИИ
2025-11-04 13:54:19,156 - pyrogram_bot - INFO - 🛑 Бот остановлен по команде
2025-11-04 13:54:20,170 - pyrogram_bot - INFO - ⏹️ Основная функция бота остановлена для 𝓴𝓪𝓻𝓲𝓷𝓪 ♛
2025-11-04 13:54:20,170 - pyrogram_bot - INFO - 🤖 Автозапуск рассылки для solana_flipper (непрерывный режим)
2025-11-04 13:54:20,170 - pyrogram_bot - INFO - 🔒 Блокировка переключения для solana_flipper (операция: search_mailing)
2025-11-04 13:54:20,177 - pyrogram_bot - INFO - Найденные чаты для рассылки (solana_flipper):
2025-11-04 13:54:20,547 - pyrogram_bot - INFO - Взаимная подписка 💋 подписки
2025-11-04 13:54:21,553 - pyrogram_bot - INFO - ВЗАИМНЫЕ ПОДПИСКИ💞 РЕАКЦИИ
2025-11-04 13:54:22,561 - pyrogram_bot - INFO - Ищу 🍁 Актива | Общения | фб • вπ • вз
2025-11-04 13:54:23,572 - pyrogram_bot - INFO - Взаимная подписка ❤️ Реакции ВЗ
2025-11-04 13:54:24,583 - pyrogram_bot - INFO - ВЗАИМНЫЕ ПОДПИСКИ # Реакции # Пиар
2025-11-04 13:54:25,596 - pyrogram_bot - INFO - Группа для общения
2025-11-04 13:54:26,611 - pyrogram_bot - INFO - ВЗАИМНЫЕ ПОДПИСКИ
2025-11-04 13:54:27,728 - pyrogram_bot - INFO - 🔓 Разблокировка переключения для solana_flipper (операция длилась: 7.6 сек.)
2025-11-04 13:54:27,728 - pyrogram_bot - INFO - 🎲 Выбрано 3 случайных чатов из 7 Для solana_flipper
2025-11-04 13:54:27,728 - pyrogram_bot - INFO - 🎯 Выбранные чаты для solana_flipper:
2025-11-04 13:54:27,728 - pyrogram_bot - INFO -   1. Взаимная подписка 💋 подписки (ID: -1002479060628)
2025-11-04 13:54:27,728 - pyrogram_bot - INFO -   2. ВЗАИМНЫЕ ПОДПИСКИ (ID: -1002154222425)
2025-11-04 13:54:27,729 - pyrogram_bot - INFO -   3. Взаимная подписка ❤️ Реакции ВЗ (ID: -1003191341517)
2025-11-04 13:54:27,729 - pyrogram_bot - INFO - 🤖 Запуск основной функции бота для solana_flipper...
2025-11-04 13:54:29,342 - pyrogram_bot - INFO - ✅ Отправлено сообщение в чат -> Взаимная подписка 💋 подписки
2025-11-04 13:54:33,874 - pyrogram_bot - INFO - 🔁 Непрерывная рассылка активна
2025-11-04 13:54:33,874 - pyrogram_bot - INFO - ⏱️ Прошло: 0 мин., Осталось: 59 мин.
2025-11-04 13:54:33,874 - pyrogram_bot - INFO - 📊 Всего времени: 60 мин.
2025-11-04 13:54:33,874 - pyrogram_bot - INFO - 🔄 Автопереключение: включено
2025-11-04 13:54:33,874 - pyrogram_bot - INFO - 🤖 Автозапуск рассылки: включено
2025-11-04 13:54:40,809 - pyrogram_bot - INFO - ⏹️ Остановка непрерывной рассылки
2025-11-04 13:54:40,809 - pyrogram_bot - INFO - 🛑 Бот остановлен по команде
2025-11-04 13:54:41,815 - pyrogram_bot - INFO - ⏹️ Основная функция бота остановлена для solana_flipper
2025-11-04 13:54:41,815 - pyrogram_bot - INFO - ⏹️ Непрерывная рассылка остановлена
2025-11-04 13:54:52,529 - pyrogram_bot - INFO - 🔁 Запуск непрерывной рассылки на 60 минут
2025-11-04 13:54:52,529 - pyrogram_bot - INFO - 📁 Используются сохраненные чаты для solana_flipper
2025-11-04 13:54:52,529 - pyrogram_bot - INFO -   1. Взаимная подписка 💋 подписки (ID: -1002479060628)
2025-11-04 13:54:52,529 - pyrogram_bot - INFO -   2. ВЗАИМНЫЕ ПОДПИСКИ (ID: -1002154222425)
2025-11-04 13:54:52,529 - pyrogram_bot - INFO -   3. Взаимная подписка ❤️ Реакции ВЗ (ID: -1003191341517)
2025-11-04 13:54:52,529 - pyrogram_bot - INFO - 🤖 Запуск основной функции бота для solana_flipper...
2025-11-04 13:54:53,537 - pyrogram_bot - INFO - 🔁 Непрерывная рассылка запущена на 60 минут
2025-11-04 13:54:53,537 - pyrogram_bot - INFO - 🔄 Сессии будут автоматически переключаться и запускать рассылку
2025-11-04 13:54:54,200 - pyrogram_bot - INFO - ✅ Отправлено сообщение в чат -> Взаимная подписка 💋 подписки
2025-11-04 13:54:55,977 - pyrogram_bot - INFO - 🛑 Завершение работы...
2025-11-04 13:54:55,977 - pyrogram_bot - INFO - 🛑 Бот остановлен по команде
2025-11-04 13:54:56,989 - pyrogram_bot - INFO - ⏹️ Основная функция бота остановлена для solana_flipper
2025-11-04 13:54:59,521 - pyrogram_bot - INFO - 👋 До свидания!
